2026-08-26T07:06:06.371Z archive:start volume=VOLUME23 source=http://edwards.yale.edu/archive?path=aHR0cDovL2Vkd2FyZHMueWFsZS5lZHUvY2dpLWJpbi9uZXdwaGlsby9zZWxlY3QucGw/d2plby4yMg==
2026-08-26T07:06:06.373Z attempt:1/3 000.html
2026-08-26T07:06:06.373Z navigation:start http://edwards.yale.edu/archive?path=aHR0cDovL2Vkd2FyZHMueWFsZS5lZHUvY2dpLWJpbi9uZXdwaGlsby9zZWxlY3QucGw/d2plby4yMg==
2026-08-26T07:06:08.127Z resource:omit http://www.google-analytics.com/ga.js reason=response.body: Response body is unavailable for redirect responses
2026-08-26T07:06:08.341Z resource:omit http://www.google-analytics.com/r/__utm.gif?utmwv=5.7.2&utms=1&utmn=2070551967&utmhn=edwards.yale.edu&utmcs=UTF-8&utmsr=1280x720&utmvp=1280x720&utmsc=24-bit&utmul=pl&utmje=0&utmfl=-&utmdt=Search%20WJE%20Online%20%7C%20The%20Jonathan%20Edwards%20Center%20at%20Yale%20University&utmhid=899396344&utmr=-&utmp=%2Farchive%3Fpath%3DaHR0cDovL2Vkd2FyZHMueWFsZS5lZHUvY2dpLWJpbi9uZXdwaGlsby9zZWxlY3QucGw%2Fd2plby4yMg%3D%3D&utmht=1787727968338&utmac=UA-1489454-4&utmcc=__utma%3D258641246.84140371.1787727968.1787727968.1787727968.1%3B%2B__utmz%3D258641246.1787727968.1.1.utmcsr%3D(direct)%7Cutmccn%3D(direct)%7Cutmcmd%3D(none)%3B&utmjid=697415284&utmredir=1&utmu=qAAAAAAAAAAAAAAAAAAAAAAE~ reason=response.body: Response body is unavailable for redirect responses
2026-08-26T07:06:10.295Z scroll:stable height=6538 samples=15
2026-08-26T07:06:11.361Z complete:000.html html=95203 assets=18
2026-08-26T07:06:11.366Z discovery:sections 4
2026-08-26T07:06:13.867Z attempt:1/3 001.html
2026-08-26T07:06:13.867Z navigation:start http://edwards.yale.edu/archive?path=aHR0cDovL2Vkd2FyZHMueWFsZS5lZHUvY2dpLWJpbi9uZXdwaGlsby9nZXRvYmplY3QucGw%2FYy4yMjoxLndqZW8%3D
2026-08-26T07:06:14.232Z resource:omit http://fonts.gstatic.com/s/playfairdisplay/v40/nuFkD-vYSZviVYUb_rj3ij__anPXDTnogkk7yRZrPA.woff2 reason=response.body: Protocol error (Network.getResponseBody): No data found for resource with given identifier
Response body is not available for a response that was navigated away from. Read response.body() before triggering any navigation.
2026-08-26T07:06:14.232Z resource:omit http://fonts.gstatic.com/s/opensans/v44/memvYaGs126MiZpBA-UvWbX2vVnXBbObj2OVTUGmu0SC55K5gw.woff2 reason=response.body: Protocol error (Network.getResponseBody): No data found for resource with given identifier
Response body is not available for a response that was navigated away from. Read response.body() before triggering any navigation.
2026-08-26T07:06:14.232Z resource:omit http://fonts.gstatic.com/s/playfairdisplay/v40/nuFiD-vYSZviVYUb_rj3ij__anPXDTzYgEM86xQ.woff2 reason=response.body: Protocol error (Network.getResponseBody): No data found for resource with given identifier
Response body is not available for a response that was navigated away from. Read response.body() before triggering any navigation.
2026-08-26T07:06:14.233Z resource:omit http://fonts.gstatic.com/s/opensans/v44/memvYaGs126MiZpBA-UvWbX2vVnXBbObj2OVTS-mu0SC55I.woff2 reason=response.body: Protocol error (Network.getResponseBody): No data found for resource with given identifier
Response body is not available for a response that was navigated away from. Read response.body() before triggering any navigation.
2026-08-26T07:06:14.576Z resource:omit http://www.google-analytics.com/ga.js reason=response.body: Response body is unavailable for redirect responses
2026-08-26T07:06:14.579Z resource:omit http://www.google-analytics.com/__utm.gif?utmwv=5.7.2&utms=2&utmn=1092496731&utmhn=edwards.yale.edu&utmcs=UTF-8&utmsr=1280x720&utmvp=1280x720&utmsc=24-bit&utmul=pl&utmje=0&utmfl=-&utmdt=Search%20WJE%20Online%20%7C%20The%20Jonathan%20Edwards%20Center%20at%20Yale%20University&utmhid=516157178&utmr=-&utmp=%2Farchive%3Fpath%3DaHR0cDovL2Vkd2FyZHMueWFsZS5lZHUvY2dpLWJpbi9uZXdwaGlsby9nZXRvYmplY3QucGw%25252FYy4yMjoxLndqZW8%25253D&utmht=1787727974567&utmac=UA-1489454-4&utmcc=__utma%3D258641246.84140371.1787727968.1787727968.1787727968.1%3B%2B__utmz%3D258641246.1787727968.1.1.utmcsr%3D(direct)%7Cutmccn%3D(direct)%7Cutmcmd%3D(none)%3B&utmjid=&utmu=qAAAAAAAAAAAAAAAAAAAAAAE~ reason=response.body: Response body is unavailable for redirect responses
2026-08-26T07:06:15.101Z scroll:stable height=1108 samples=5
2026-08-26T07:06:16.392Z complete:001.html html=34524 assets=14
2026-08-26T07:06:18.894Z attempt:1/3 002.html
2026-08-26T07:06:18.894Z navigation:start http://edwards.yale.edu/archive?path=aHR0cDovL2Vkd2FyZHMueWFsZS5lZHUvY2dpLWJpbi9uZXdwaGlsby9nZXRvYmplY3QucGw%2FYy4yMjoyLndqZW8%3D
2026-08-26T07:06:20.862Z resource:omit http://fonts.gstatic.com/s/playfairdisplay/v40/nuFkD-vYSZviVYUb_rj3ij__anPXDTnogkk7yRZrPA.woff2 reason=response.body: Protocol error (Network.getResponseBody): No data found for resource with given identifier
Response body is not available for a response that was navigated away from. Read response.body() before triggering any navigation.
2026-08-26T07:06:20.862Z resource:omit http://fonts.gstatic.com/s/playfairdisplay/v40/nuFiD-vYSZviVYUb_rj3ij__anPXDTzYgEM86xQ.woff2 reason=response.body: Protocol error (Network.getResponseBody): No data found for resource with given identifier
Response body is not available for a response that was navigated away from. Read response.body() before triggering any navigation.
2026-08-26T07:06:20.862Z resource:omit http://fonts.gstatic.com/s/opensans/v44/memvYaGs126MiZpBA-UvWbX2vVnXBbObj2OVTUGmu0SC55K5gw.woff2 reason=response.body: Protocol error (Network.getResponseBody): No data found for resource with given identifier
Response body is not available for a response that was navigated away from. Read response.body() before triggering any navigation.
2026-08-26T07:06:20.862Z resource:omit http://fonts.gstatic.com/s/opensans/v44/memvYaGs126MiZpBA-UvWbX2vVnXBbObj2OVTS-mu0SC55I.woff2 reason=response.body: Protocol error (Network.getResponseBody): No data found for resource with given identifier
Response body is not available for a response that was navigated away from. Read response.body() before triggering any navigation.
2026-08-26T07:06:24.897Z resource:omit http://www.google-analytics.com/ga.js reason=response.body: Response body is unavailable for redirect responses
2026-08-26T07:06:24.901Z resource:omit http://www.google-analytics.com/__utm.gif?utmwv=5.7.2&utms=3&utmn=1564493492&utmhn=edwards.yale.edu&utmcs=UTF-8&utmsr=1280x720&utmvp=1280x720&utmsc=24-bit&utmul=pl&utmje=0&utmfl=-&utmdt=Search%20WJE%20Online%20%7C%20The%20Jonathan%20Edwards%20Center%20at%20Yale%20University&utmhid=1281179559&utmr=-&utmp=%2Farchive%3Fpath%3DaHR0cDovL2Vkd2FyZHMueWFsZS5lZHUvY2dpLWJpbi9uZXdwaGlsby9nZXRvYmplY3QucGw%25252FYy4yMjoyLndqZW8%25253D&utmht=1787727984897&utmac=UA-1489454-4&utmcc=__utma%3D258641246.84140371.1787727968.1787727968.1787727968.1%3B%2B__utmz%3D258641246.1787727968.1.1.utmcsr%3D(direct)%7Cutmccn%3D(direct)%7Cutmcmd%3D(none)%3B&utmjid=&utmu=qAAAAAAAAAAAAAAAAAAAAAAE~ reason=response.body: Response body is unavailable for redirect responses
2026-08-26T07:07:06.288Z scroll:stable height=169011 samples=316
2026-08-26T07:07:07.423Z complete:002.html html=1544065 assets=16
2026-08-26T07:07:09.924Z attempt:1/3 003.html
2026-08-26T07:07:09.925Z navigation:start http://edwards.yale.edu/archive?path=aHR0cDovL2Vkd2FyZHMueWFsZS5lZHUvY2dpLWJpbi9uZXdwaGlsby9nZXRvYmplY3QucGw%2FYy4yMjozLndqZW8%3D
2026-08-26T07:07:10.537Z resource:omit http://fonts.gstatic.com/s/playfairdisplay/v40/nuFkD-vYSZviVYUb_rj3ij__anPXDTnogkk7yRZrPA.woff2 reason=response.body: Protocol error (Network.getResponseBody): No data found for resource with given identifier
Response body is not available for a response that was navigated away from. Read response.body() before triggering any navigation.
2026-08-26T07:07:10.538Z resource:omit http://fonts.gstatic.com/s/opensans/v44/memvYaGs126MiZpBA-UvWbX2vVnXBbObj2OVTS-mu0SC55I.woff2 reason=response.body: Protocol error (Network.getResponseBody): No data found for resource with given identifier
Response body is not available for a response that was navigated away from. Read response.body() before triggering any navigation.
2026-08-26T07:07:10.538Z resource:omit http://fonts.gstatic.com/s/opensans/v44/memvYaGs126MiZpBA-UvWbX2vVnXBbObj2OVTUGmu0SC55K5gw.woff2 reason=response.body: Protocol error (Network.getResponseBody): No data found for resource with given identifier
Response body is not available for a response that was navigated away from. Read response.body() before triggering any navigation.
2026-08-26T07:07:10.537Z resource:omit http://fonts.gstatic.com/s/playfairdisplay/v40/nuFiD-vYSZviVYUb_rj3ij__anPXDTzYgEM86xQ.woff2 reason=response.body: Protocol error (Network.getResponseBody): No data found for resource with given identifier
Response body is not available for a response that was navigated away from. Read response.body() before triggering any navigation.
2026-08-26T07:07:11.228Z resource:omit http://www.google-analytics.com/ga.js reason=response.body: Response body is unavailable for redirect responses
2026-08-26T07:07:11.235Z resource:omit http://www.google-analytics.com/__utm.gif?utmwv=5.7.2&utms=4&utmn=1328630269&utmhn=edwards.yale.edu&utmcs=UTF-8&utmsr=1280x720&utmvp=1280x720&utmsc=24-bit&utmul=pl&utmje=0&utmfl=-&utmdt=Search%20WJE%20Online%20%7C%20The%20Jonathan%20Edwards%20Center%20at%20Yale%20University&utmhid=1999114208&utmr=-&utmp=%2Farchive%3Fpath%3DaHR0cDovL2Vkd2FyZHMueWFsZS5lZHUvY2dpLWJpbi9uZXdwaGlsby9nZXRvYmplY3QucGw%25252FYy4yMjozLndqZW8%25253D&utmht=1787728031232&utmac=UA-1489454-4&utmcc=__utma%3D258641246.84140371.1787727968.1787727968.1787727968.1%3B%2B__utmz%3D258641246.1787727968.1.1.utmcsr%3D(direct)%7Cutmccn%3D(direct)%7Cutmcmd%3D(none)%3B&utmjid=&utmu=qAAAAAAAAAAAAAAAAAAAAAAE~ reason=response.body: Response body is unavailable for redirect responses
2026-08-26T07:07:16.108Z scroll:stable height=9728 samples=21
2026-08-26T07:07:17.162Z complete:003.html html=97037 assets=15
2026-08-26T07:07:19.663Z attempt:1/3 004.html
2026-08-26T07:07:19.664Z navigation:start http://edwards.yale.edu/archive?path=aHR0cDovL2Vkd2FyZHMueWFsZS5lZHUvY2dpLWJpbi9uZXdwaGlsby9nZXRvYmplY3QucGw%2FYy4yMjo0LndqZW8%3D
2026-08-26T07:07:20.669Z resource:omit http://fonts.gstatic.com/s/playfairdisplay/v40/nuFkD-vYSZviVYUb_rj3ij__anPXDTnogkk7yRZrPA.woff2 reason=response.body: Protocol error (Network.getResponseBody): No data found for resource with given identifier
Response body is not available for a response that was navigated away from. Read response.body() before triggering any navigation.
2026-08-26T07:07:20.670Z resource:omit http://fonts.gstatic.com/s/playfairdisplay/v40/nuFiD-vYSZviVYUb_rj3ij__anPXDTzYgEM86xQ.woff2 reason=response.body: Protocol error (Network.getResponseBody): No data found for resource with given identifier
Response body is not available for a response that was navigated away from. Read response.body() before triggering any navigation.
2026-08-26T07:07:20.670Z resource:omit http://fonts.gstatic.com/s/opensans/v44/memvYaGs126MiZpBA-UvWbX2vVnXBbObj2OVTUGmu0SC55K5gw.woff2 reason=response.body: Protocol error (Network.getResponseBody): No data found for resource with given identifier
Response body is not available for a response that was navigated away from. Read response.body() before triggering any navigation.
2026-08-26T07:07:20.670Z resource:omit http://fonts.gstatic.com/s/opensans/v44/memvYaGs126MiZpBA-UvWbX2vVnXBbObj2OVTS-mu0SC55I.woff2 reason=response.body: Protocol error (Network.getResponseBody): No data found for resource with given identifier
Response body is not available for a response that was navigated away from. Read response.body() before triggering any navigation.
2026-08-26T07:07:23.736Z resource:omit http://www.google-analytics.com/ga.js reason=response.body: Response body is unavailable for redirect responses
2026-08-26T07:07:23.747Z resource:omit http://www.google-analytics.com/__utm.gif?utmwv=5.7.2&utms=5&utmn=455849649&utmhn=edwards.yale.edu&utmcs=UTF-8&utmsr=1280x720&utmvp=1280x720&utmsc=24-bit&utmul=pl&utmje=0&utmfl=-&utmdt=Search%20WJE%20Online%20%7C%20The%20Jonathan%20Edwards%20Center%20at%20Yale%20University&utmhid=896101014&utmr=-&utmp=%2Farchive%3Fpath%3DaHR0cDovL2Vkd2FyZHMueWFsZS5lZHUvY2dpLWJpbi9uZXdwaGlsby9nZXRvYmplY3QucGw%25252FYy4yMjo0LndqZW8%25253D&utmht=1787728043745&utmac=UA-1489454-4&utmcc=__utma%3D258641246.84140371.1787727968.1787727968.1787727968.1%3B%2B__utmz%3D258641246.1787727968.1.1.utmcsr%3D(direct)%7Cutmccn%3D(direct)%7Cutmcmd%3D(none)%3B&utmjid=&utmu=qAAAAAAAAAAAAAAAAAAAAAAE~ reason=response.body: Response body is unavailable for redirect responses
2026-08-26T07:07:46.941Z scroll:stable height=89498 samples=169
2026-08-26T07:07:48.040Z complete:004.html html=806251 assets=15
2026-08-26T07:07:48.040Z archive:complete
